  Determining projects to restore...
  All projects are up-to-date for restore.
  Concord.Core -> C:\Extensions\Terminal\src\Concord.Core\bin\Debug\net8.0\Concord.Core.dll
  Concord.Core.Tests -> C:\Extensions\Terminal\tests\Concord.Core.Tests\bin\Debug\net8.0\Concord.Core.Tests.dll
Test run for C:\Extensions\Terminal\tests\Concord.Core.Tests\bin\Debug\net8.0\Concord.Core.Tests.dll (.NETCoreApp,Version=v8.0)
A total of 1 test files matched the specified pattern.

Passed!  - Failed:     0, Passed:     3, Skipped:     0, Total:     3, Duration: 8 ms - Concord.Core.Tests.dll (net8.0)
